// Jest Snapshot v1, https://goo.gl/fbAQLP

exports[`App Component deve renderizar corretamente 1`] = `
<View
  style={
    {
      "alignItems": "center",
      "backgroundColor": "#fafcfa",
      "flex": 1,
      "justifyContent": "center",
      "padding": 8,
    }
  }
>
  <View
    style={
      {
        "alignItems": "center",
        "marginBottom": 10,
      }
    }
  >
    <Image
      source={
        {
          "testUri": "../../../assets/favicon.png",
        }
      }
      style={
        {
          "height": 65,
          "width": 65,
        }
      }
    />
    <Text
      style={
        {
          "fontFamily": "arial",
          "fontSize": 23,
          "fontWeight": "bold",
          "justifyContent": "center",
          "marginBottom": 5,
        }
      }
    >
      DaVinciPets
    </Text>
    <Text
      style={
        {
          "fontFamily": "arial",
          "fontSize": 15,
          "justifyContent": "center",
          "marginBottom": 10,
          "textAlign": "center",
        }
      }
    >
      Entre na sua conta
    </Text>
  </View>
  <View
    style={
      {
        "backgroundColor": "#ffffffff",
        "borderRadius": 8,
        "elevation": 5,
        "flex": 1,
        "marginVertical": 0,
        "padding": 8,
        "shadowColor": "#c9c9c9ff",
        "shadowOpacity": 0.1,
        "shadowRadius": 5,
        "width": "100%",
      }
    }
  >
    <Text
      style={
        {
          "fontFamily": "arial",
          "fontSize": 15,
          "justifyContent": "center",
          "marginBottom": 10,
          "textAlign": "center",
        }
      }
    >
      Fazer Login
    </Text>
    <View
      accessibilityState={
        {
          "busy": undefined,
          "checked": undefined,
          "disabled": undefined,
          "expanded": undefined,
          "selected": undefined,
        }
      }
      accessibilityValue={
        {
          "max": undefined,
          "min": undefined,
          "now": undefined,
          "text": undefined,
        }
      }
      accessible={true}
      collapsable={false}
      focusable={false}
      onClick={[Function]}
      onResponderGrant={[Function]}
      onResponderMove={[Function]}
      onResponderRelease={[Function]}
      onResponderTerminate={[Function]}
      onResponderTerminationRequest={[Function]}
      onStartShouldSetResponder={[Function]}
      style={
        {
          "alignItems": "center",
          "backgroundColor": "#ffffffff",
          "borderColor": "#ccc",
          "borderRadius": 8,
          "borderWidth": 1,
          "height": 35,
          "justifyContent": "center",
          "opacity": 1,
          "width": "100%",
        }
      }
    >
      <Text
        style={
          {
            "color": "#000000",
            "fontFamily": "arial",
            "fontSize": 14,
          }
        }
      >
        Continuar com Google
      </Text>
    </View>
    <View
      style={
        {
          "alignItems": "center",
          "flexDirection": "row",
          "marginVertical": 10,
        }
      }
    >
      <View
        style={
          {
            "backgroundColor": "#ddd",
            "flex": 1,
            "height": 1,
          }
        }
      />
      <Text
        style={
          {
            "color": "#666",
            "fontSize": 14,
            "fontWeight": "200",
            "marginHorizontal": 15,
          }
        }
      >
        ou
      </Text>
      <View
        style={
          {
            "backgroundColor": "#ddd",
            "flex": 1,
            "height": 1,
          }
        }
      />
    </View>
    <Text>
      Email
    </Text>
    <TextInput
      autoCapitalize="none"
      keyboardType="email-address"
      onChangeText={[Function]}
      placeholder="Digite seu e-mail"
      style={
        {
          "backgroundColor": "#f8f9fa",
          "borderColor": "#9fb9a4ff",
          "borderRadius": 8,
          "borderWidth": 1,
          "height": 50,
          "marginBottom": 10,
          "paddingHorizontal": 10,
          "width": "100%",
        }
      }
      value=""
    />
    <Text>
      Senha
    </Text>
    <View
      style={
        {
          "alignItems": "center",
          "backgroundColor": "#f9f9f9",
          "borderColor": "#9fb9a4ff",
          "borderRadius": 8,
          "borderWidth": 1,
          "flexDirection": "row",
          "marginBottom": 15,
        }
      }
    >
      <TextInput
        onChangeText={[Function]}
        placeholder="Digite sua senha"
        secureTextEntry={true}
        selectionColor="#89b490"
        style={
          {
            "flex": 1,
            "fontSize": 16,
            "padding": 12,
          }
        }
        value=""
      />
      <View
        accessibilityState={
          {
            "busy": undefined,
            "checked": undefined,
            "disabled": undefined,
            "expanded": undefined,
            "selected": undefined,
          }
        }
        accessibilityValue={
          {
            "max": undefined,
            "min": undefined,
            "now": undefined,
            "text": undefined,
          }
        }
        accessible={true}
        collapsable={false}
        focusable={true}
        onClick={[Function]}
        onResponderGrant={[Function]}
        onResponderMove={[Function]}
        onResponderRelease={[Function]}
        onResponderTerminate={[Function]}
        onResponderTerminationRequest={[Function]}
        onStartShouldSetResponder={[Function]}
        style={
          {
            "opacity": 1,
            "padding": 12,
          }
        }
      >
        <Text
          allowFontScaling={false}
          selectable={false}
          style={
            [
              {
                "color": "#666",
                "fontSize": 24,
              },
              undefined,
              {
                "fontFamily": "material",
                "fontStyle": "normal",
                "fontWeight": "normal",
              },
              {},
            ]
          }
        >
          
        </Text>
      </View>
    </View>
    <View
      accessibilityState={
        {
          "busy": undefined,
          "checked": undefined,
          "disabled": undefined,
          "expanded": undefined,
          "selected": undefined,
        }
      }
      accessibilityValue={
        {
          "max": undefined,
          "min": undefined,
          "now": undefined,
          "text": undefined,
        }
      }
      accessible={true}
      collapsable={false}
      focusable={true}
      onBlur={[Function]}
      onClick={[Function]}
      onFocus={[Function]}
      onResponderGrant={[Function]}
      onResponderMove={[Function]}
      onResponderRelease={[Function]}
      onResponderTerminate={[Function]}
      onResponderTerminationRequest={[Function]}
      onStartShouldSetResponder={[Function]}
    >
      <Text
        style={
          {
            "color": "green",
            "fontFamily": "arial",
            "fontSize": 14,
            "justifyContent": "center",
            "marginBottom": 10,
            "textAlign": "right",
          }
        }
      >
        Esqueci a senha?
      </Text>
    </View>
    <View
      accessibilityState={
        {
          "busy": undefined,
          "checked": undefined,
          "disabled": undefined,
          "expanded": undefined,
          "selected": undefined,
        }
      }
      accessibilityValue={
        {
          "max": undefined,
          "min": undefined,
          "now": undefined,
          "text": undefined,
        }
      }
      accessible={true}
      collapsable={false}
      focusable={true}
      onClick={[Function]}
      onResponderGrant={[Function]}
      onResponderMove={[Function]}
      onResponderRelease={[Function]}
      onResponderTerminate={[Function]}
      onResponderTerminationRequest={[Function]}
      onStartShouldSetResponder={[Function]}
      style={
        {
          "alignItems": "center",
          "backgroundColor": "#74a57f",
          "borderRadius": 8,
          "height": 40,
          "justifyContent": "center",
          "opacity": 1,
          "width": "100%",
        }
      }
    >
      <Text
        style={
          {
            "color": "#fff",
            "fontFamily": "arial",
            "fontSize": 14,
            "fontWeight": "bold",
          }
        }
      >
        Entrar
      </Text>
    </View>
    <View
      style={
        {
          "alignItems": "center",
          "flexDirection": "row",
          "marginVertical": 10,
        }
      }
    >
      <View
        style={
          {
            "backgroundColor": "#ddd",
            "flex": 1,
            "height": 1,
          }
        }
      />
    </View>
    <Text>
      Não tenho uma conta? 
      <View
        accessibilityState={
          {
            "busy": undefined,
            "checked": undefined,
            "disabled": undefined,
            "expanded": undefined,
            "selected": undefined,
          }
        }
        accessibilityValue={
          {
            "max": undefined,
            "min": undefined,
            "now": undefined,
            "text": undefined,
          }
        }
        accessible={true}
        collapsable={false}
        focusable={true}
        onBlur={[Function]}
        onClick={[Function]}
        onFocus={[Function]}
        onResponderGrant={[Function]}
        onResponderMove={[Function]}
        onResponderRelease={[Function]}
        onResponderTerminate={[Function]}
        onResponderTerminationRequest={[Function]}
        onStartShouldSetResponder={[Function]}
      >
        <Text
          style={
            {
              "color": "green",
              "fontFamily": "arial",
              "fontSize": 14,
              "justifyContent": "center",
              "marginBottom": 10,
              "textAlign": "right",
            }
          }
        >
          Criar conta
        </Text>
      </View>
    </Text>
  </View>
</View>
`;
